Microsoft Windows [Version 10.0.19045.2130]
(c) Microsoft Corporation. All rights reserved.

C:\Program Files\MySQL\MySQL Server 8.0\bin>mysql -u root -v
Welcome to the MySQL monitor.  Commands end with ; or \g.
Your MySQL connection id is 15
Server version: 8.0.37 MySQL Community Server - GPL

Copyright (c) 2000, 2024, Oracle and/or its affiliates.

Oracle is a registered trademark of Oracle Corporation and/or its
affiliates. Other names may be trademarks of their respective
owners.

Type 'help;' or '\h' for help. Type '\c' to clear the current input statement.

mysql> show databases;
--------------
show databases
--------------

+--------------------+
| Database           |
+--------------------+
| addon              |
| employee           |
| information_schema |
| mysql              |
| performance_schema |
| sys                |
+--------------------+
6 rows in set (0.03 sec)

mysql> use addon;
Database changed
mysql> select* from employee;
--------------
select* from employee
--------------

ERROR 1146 (42S02): Table 'addon.employee' doesn't exist
mysql> show tables;
--------------
show tables
--------------

+-----------------+
| Tables_in_addon |
+-----------------+
| dept            |
| details         |
| emp             |
| student1        |
| studentname     |
| studentr        |
| traniee         |
+-----------------+
7 rows in set (0.06 sec)

mysql> select
    -> ^C
mysql> select*from emp;
--------------
select*from emp
--------------

+-------+--------+-----------+------+------------+---------+---------+--------+
| empno | ename  | job       | mgr  | hiredate   | sal     | comm    | deptno |
+-------+--------+-----------+------+------------+---------+---------+--------+
|  7369 | SMITH  | CLERK     | 7902 | 1980-12-17 |  800.00 |    NULL |     20 |
|  7499 | ALLEN  | SALESMAN  | 7698 | 1981-02-20 | 1600.00 |  300.00 |     30 |
|  7521 | WARD   | SALESMAN  | 7698 | 1981-02-22 | 1250.00 |  500.00 |     30 |
|  7566 | JONES  | MANAGER   | 7839 | 1981-04-02 | 2975.00 |    NULL |     20 |
|  7654 | MARTIN | SALESMAN  | 7698 | 1981-09-28 | 1250.00 | 1400.00 |     30 |
|  7698 | BLAKE  | MANAGER   | 7839 | 1981-05-01 | 2850.00 |    NULL |     30 |
|  7782 | CLARK  | MANAGER   | 7839 | 1981-06-09 | 2450.00 |    NULL |     10 |
|  7788 | SCOTT  | ANALYST   | 7566 | 1982-12-09 | 3000.00 |    NULL |     20 |
|  7839 | KING   | PRESIDENT | NULL | 1981-11-17 | 5000.00 |    NULL |     10 |
|  7844 | TURNER | SALESMAN  | 7698 | 1981-09-08 | 1500.00 |    0.00 |     30 |
|  7876 | ADAMS  | CLERK     | 7788 | 1983-01-12 | 1100.00 |    NULL |     20 |
|  7900 | JAMES  | CLERK     | 7698 | 1981-12-03 |  950.00 |    NULL |     30 |
|  7902 | FORD   | ANALYST   | 7566 | 1981-12-03 | 3000.00 |    NULL |     20 |
|  7934 | MILLER | CLERK     | 7782 | 1982-01-23 | 1300.00 |    NULL |     10 |
+-------+--------+-----------+------+------------+---------+---------+--------+
14 rows in set (0.03 sec)

mysql> select* from emp;
--------------
select* from emp
--------------

+-------+--------+-----------+------+------------+---------+---------+--------+
| empno | ename  | job       | mgr  | hiredate   | sal     | comm    | deptno |
+-------+--------+-----------+------+------------+---------+---------+--------+
|  7369 | SMITH  | CLERK     | 7902 | 1980-12-17 |  800.00 |    NULL |     20 |
|  7499 | ALLEN  | SALESMAN  | 7698 | 1981-02-20 | 1600.00 |  300.00 |     30 |
|  7521 | WARD   | SALESMAN  | 7698 | 1981-02-22 | 1250.00 |  500.00 |     30 |
|  7566 | JONES  | MANAGER   | 7839 | 1981-04-02 | 2975.00 |    NULL |     20 |
|  7654 | MARTIN | SALESMAN  | 7698 | 1981-09-28 | 1250.00 | 1400.00 |     30 |
|  7698 | BLAKE  | MANAGER   | 7839 | 1981-05-01 | 2850.00 |    NULL |     30 |
|  7782 | CLARK  | MANAGER   | 7839 | 1981-06-09 | 2450.00 |    NULL |     10 |
|  7788 | SCOTT  | ANALYST   | 7566 | 1982-12-09 | 3000.00 |    NULL |     20 |
|  7839 | KING   | PRESIDENT | NULL | 1981-11-17 | 5000.00 |    NULL |     10 |
|  7844 | TURNER | SALESMAN  | 7698 | 1981-09-08 | 1500.00 |    0.00 |     30 |
|  7876 | ADAMS  | CLERK     | 7788 | 1983-01-12 | 1100.00 |    NULL |     20 |
|  7900 | JAMES  | CLERK     | 7698 | 1981-12-03 |  950.00 |    NULL |     30 |
|  7902 | FORD   | ANALYST   | 7566 | 1981-12-03 | 3000.00 |    NULL |     20 |
|  7934 | MILLER | CLERK     | 7782 | 1982-01-23 | 1300.00 |    NULL |     10 |
+-------+--------+-----------+------+------------+---------+---------+--------+
14 rows in set (0.00 sec)

mysql> select* from emp where ename="SMITH";
--------------
select* from emp where ename="SMITH"
--------------

+-------+-------+-------+------+------------+--------+------+--------+
| empno | ename | job   | mgr  | hiredate   | sal    | comm | deptno |
+-------+-------+-------+------+------------+--------+------+--------+
|  7369 | SMITH | CLERK | 7902 | 1980-12-17 | 800.00 | NULL |     20 |
+-------+-------+-------+------+------------+--------+------+--------+
1 row in set (0.00 sec)

mysql> select*from dept;
--------------
select*from dept
--------------

+--------+------------+----------+
| deptno | dname      | loc      |
+--------+------------+----------+
|     10 | ACCOUNTING | NEW YORK |
|     20 | RESEARCH   | DALLAS   |
|     30 | SALES      | CHICAGO  |
|     40 | OPERATIONS | BOSTON   |
+--------+------------+----------+
4 rows in set (0.00 sec)

mysql> select ename,sal,deptno
    -> from emp;
--------------
select ename,sal,deptno
from emp
--------------

+--------+---------+--------+
| ename  | sal     | deptno |
+--------+---------+--------+
| SMITH  |  800.00 |     20 |
| ALLEN  | 1600.00 |     30 |
| WARD   | 1250.00 |     30 |
| JONES  | 2975.00 |     20 |
| MARTIN | 1250.00 |     30 |
| BLAKE  | 2850.00 |     30 |
| CLARK  | 2450.00 |     10 |
| SCOTT  | 3000.00 |     20 |
| KING   | 5000.00 |     10 |
| TURNER | 1500.00 |     30 |
| ADAMS  | 1100.00 |     20 |
| JAMES  |  950.00 |     30 |
| FORD   | 3000.00 |     20 |
| MILLER | 1300.00 |     10 |
+--------+---------+--------+
14 rows in set (0.00 sec)

mysql> select ename
    -> from emp
    -> where=sal>2000;
--------------
select ename
from emp
where=sal>2000
--------------

ERROR 1064 (42000): You have an error in your SQL syntax; check the manual that corresponds to your MySQL server version for the right syntax to use near '=sal>2000' at line 3
mysql> select* from emp where=sal>2000;
--------------
select* from emp where=sal>2000
--------------

ERROR 1064 (42000): You have an error in your SQL syntax; check the manual that corresponds to your MySQL server version for the right syntax to use near '=sal>2000' at line 1
mysql> select* from emp where sal>=2000;
--------------
select* from emp where sal>=2000
--------------

+-------+-------+-----------+------+------------+---------+------+--------+
| empno | ename | job       | mgr  | hiredate   | sal     | comm | deptno |
+-------+-------+-----------+------+------------+---------+------+--------+
|  7566 | JONES | MANAGER   | 7839 | 1981-04-02 | 2975.00 | NULL |     20 |
|  7698 | BLAKE | MANAGER   | 7839 | 1981-05-01 | 2850.00 | NULL |     30 |
|  7782 | CLARK | MANAGER   | 7839 | 1981-06-09 | 2450.00 | NULL |     10 |
|  7788 | SCOTT | ANALYST   | 7566 | 1982-12-09 | 3000.00 | NULL |     20 |
|  7839 | KING  | PRESIDENT | NULL | 1981-11-17 | 5000.00 | NULL |     10 |
|  7902 | FORD  | ANALYST   | 7566 | 1981-12-03 | 3000.00 | NULL |     20 |
+-------+-------+-----------+------+------------+---------+------+--------+
6 rows in set (0.00 sec)

mysql> select ename,sal,sal*12
    -> from emp
    -> where sal*12>12000;
--------------
select ename,sal,sal*12
from emp
where sal*12>12000
--------------

+--------+---------+----------+
| ename  | sal     | sal*12   |
+--------+---------+----------+
| ALLEN  | 1600.00 | 19200.00 |
| WARD   | 1250.00 | 15000.00 |
| JONES  | 2975.00 | 35700.00 |
| MARTIN | 1250.00 | 15000.00 |
| BLAKE  | 2850.00 | 34200.00 |
| CLARK  | 2450.00 | 29400.00 |
| SCOTT  | 3000.00 | 36000.00 |
| KING   | 5000.00 | 60000.00 |
| TURNER | 1500.00 | 18000.00 |
| ADAMS  | 1100.00 | 13200.00 |
| FORD   | 3000.00 | 36000.00 |
| MILLER | 1300.00 | 15600.00 |
+--------+---------+----------+
12 rows in set (0.00 sec)

mysql> select ename,sal,sal*12
    -> from emp
    -> where sal*12>=12000;
--------------
select ename,sal,sal*12
from emp
where sal*12>=12000
--------------

+--------+---------+----------+
| ename  | sal     | sal*12   |
+--------+---------+----------+
| ALLEN  | 1600.00 | 19200.00 |
| WARD   | 1250.00 | 15000.00 |
| JONES  | 2975.00 | 35700.00 |
| MARTIN | 1250.00 | 15000.00 |
| BLAKE  | 2850.00 | 34200.00 |
| CLARK  | 2450.00 | 29400.00 |
| SCOTT  | 3000.00 | 36000.00 |
| KING   | 5000.00 | 60000.00 |
| TURNER | 1500.00 | 18000.00 |
| ADAMS  | 1100.00 | 13200.00 |
| FORD   | 3000.00 | 36000.00 |
| MILLER | 1300.00 | 15600.00 |
+--------+---------+----------+
12 rows in set (0.00 sec)

mysql> select ename,sal,sal*12 as Annual_Salary
    -> from emp
    -> where sal*12>12000;
--------------
select ename,sal,sal*12 as Annual_Salary
from emp
where sal*12>12000
--------------

+--------+---------+---------------+
| ename  | sal     | Annual_Salary |
+--------+---------+---------------+
| ALLEN  | 1600.00 |      19200.00 |
| WARD   | 1250.00 |      15000.00 |
| JONES  | 2975.00 |      35700.00 |
| MARTIN | 1250.00 |      15000.00 |
| BLAKE  | 2850.00 |      34200.00 |
| CLARK  | 2450.00 |      29400.00 |
| SCOTT  | 3000.00 |      36000.00 |
| KING   | 5000.00 |      60000.00 |
| TURNER | 1500.00 |      18000.00 |
| ADAMS  | 1100.00 |      13200.00 |
| FORD   | 3000.00 |      36000.00 |
| MILLER | 1300.00 |      15600.00 |
+--------+---------+---------------+
12 rows in set (0.00 sec)

mysql> select*
    -> from emp
    -> where ^C
mysql> select enamr
    -> ^C
mysql> select ename
    -> from emp
    -> where job=clerk;
--------------
select ename
from emp
where job=clerk
--------------

ERROR 1054 (42S22): Unknown column 'clerk' in 'where clause'
mysql> select ename
    ->
    -> from emp
    -> where job=CLERK;
--------------
select ename

from emp
where job=CLERK
--------------

ERROR 1054 (42S22): Unknown column 'CLERK' in 'where clause'
mysql> select ename
    -> from emp
    -> where job=clerk;
--------------
select ename
from emp
where job=clerk
--------------

ERROR 1054 (42S22): Unknown column 'clerk' in 'where clause'
mysql> select ename
    -> from emp
    -> where job=CLERK;
--------------
select ename
from emp
where job=CLERK
--------------

ERROR 1054 (42S22): Unknown column 'CLERK' in 'where clause'
mysql> select ename
    -> from emp
    -> where job='CLERK';
--------------
select ename
from emp
where job='CLERK'
--------------

+--------+
| ename  |
+--------+
| SMITH  |
| ADAMS  |
| JAMES  |
| MILLER |
+--------+
4 rows in set (0.00 sec)

mysql> select distinct sal
    -> from emp;
--------------
select distinct sal
from emp
--------------

+---------+
| sal     |
+---------+
|  800.00 |
| 1600.00 |
| 1250.00 |
| 2975.00 |
| 2850.00 |
| 2450.00 |
| 3000.00 |
| 5000.00 |
| 1500.00 |
| 1100.00 |
|  950.00 |
| 1300.00 |
+---------+
12 rows in set (0.04 sec)

mysql> selecct*
    -> ;
--------------
selecct*
--------------

ERROR 1064 (42000): You have an error in your SQL syntax; check the manual that corresponds to your MySQL server version for the right syntax to use near 'selecct*' at line 1
mysql> select*
    -> from emp
    -> where deptno=30 or job='ANALYST';
--------------
select*
from emp
where deptno=30 or job='ANALYST'
--------------

+-------+--------+----------+------+------------+---------+---------+--------+
| empno | ename  | job      | mgr  | hiredate   | sal     | comm    | deptno |
+-------+--------+----------+------+------------+---------+---------+--------+
|  7499 | ALLEN  | SALESMAN | 7698 | 1981-02-20 | 1600.00 |  300.00 |     30 |
|  7521 | WARD   | SALESMAN | 7698 | 1981-02-22 | 1250.00 |  500.00 |     30 |
|  7654 | MARTIN | SALESMAN | 7698 | 1981-09-28 | 1250.00 | 1400.00 |     30 |
|  7698 | BLAKE  | MANAGER  | 7839 | 1981-05-01 | 2850.00 |    NULL |     30 |
|  7788 | SCOTT  | ANALYST  | 7566 | 1982-12-09 | 3000.00 |    NULL |     20 |
|  7844 | TURNER | SALESMAN | 7698 | 1981-09-08 | 1500.00 |    0.00 |     30 |
|  7900 | JAMES  | CLERK    | 7698 | 1981-12-03 |  950.00 |    NULL |     30 |
|  7902 | FORD   | ANALYST  | 7566 | 1981-12-03 | 3000.00 |    NULL |     20 |
+-------+--------+----------+------+------------+---------+---------+--------+
8 rows in set (0.00 sec)

mysql> select*
    -> from emp
    -> where job='CLERK'and sal<=1500;
--------------
select*
from emp
where job='CLERK'and sal<=1500
--------------

+-------+--------+-------+------+------------+---------+------+--------+
| empno | ename  | job   | mgr  | hiredate   | sal     | comm | deptno |
+-------+--------+-------+------+------------+---------+------+--------+
|  7369 | SMITH  | CLERK | 7902 | 1980-12-17 |  800.00 | NULL |     20 |
|  7876 | ADAMS  | CLERK | 7788 | 1983-01-12 | 1100.00 | NULL |     20 |
|  7900 | JAMES  | CLERK | 7698 | 1981-12-03 |  950.00 | NULL |     30 |
|  7934 | MILLER | CLERK | 7782 | 1982-01-23 | 1300.00 | NULL |     10 |
+-------+--------+-------+------+------------+---------+------+--------+
4 rows in set (0.00 sec)

mysql> select ename
    -> from emp
    -> where ename like 'a%';
--------------
select ename
from emp
where ename like 'a%'
--------------

+-------+
| ename |
+-------+
| ALLEN |
| ADAMS |
+-------+
2 rows in set (0.04 sec)

mysql> select ename
    -> from emp
    -> where ename like 'a%n';
--------------
select ename
from emp
where ename like 'a%n'
--------------

+-------+
| ename |
+-------+
| ALLEN |
+-------+
1 row in set (0.00 sec)

mysql> select ename
    -> from emp
    -> where ename like '%h';
--------------
select ename
from emp
where ename like '%h'
--------------

+-------+
| ename |
+-------+
| SMITH |
+-------+
1 row in set (0.00 sec)

mysql> select ename
    -> from emp
    -> where a%%%%%n;
--------------
select ename
from emp
where a%%%%%n
--------------

ERROR 1064 (42000): You have an error in your SQL syntax; check the manual that corresponds to your MySQL server version for the right syntax to use near '%%%%n' at line 3
mysql> select ename
    -> from emp
    -> where a_____n;
--------------
select ename
from emp
where a_____n
--------------

ERROR 1054 (42S22): Unknown column 'a_____n' in 'where clause'
mysql> select ename
    -> from emp
    -> where a___n;
--------------
select ename
from emp
where a___n
--------------

ERROR 1054 (42S22): Unknown column 'a___n' in 'where clause'
mysql> select ename
    -> from emp
    -> where like ename 'a___n';
--------------
select ename
from emp
where like ename 'a___n'
--------------

ERROR 1064 (42000): You have an error in your SQL syntax; check the manual that corresponds to your MySQL server version for the right syntax to use near 'like ename 'a___n'' at line 3
mysql> select ename
    -> from emp
    -> where ename like 'a___n';
--------------
select ename
from emp
where ename like 'a___n'
--------------

+-------+
| ename |
+-------+
| ALLEN |
+-------+
1 row in set (0.00 sec)

mysql> select ename
    -> from emp
    -> where sal like '_____';
--------------
select ename
from emp
where sal like '_____'
--------------

Empty set (0.00 sec)

mysql> select ename
    -> from emp
    -> where sal like '____';
--------------
select ename
from emp
where sal like '____'
--------------

Empty set (0.00 sec)

mysql> select ename
    -> from emp
    -> where sal like ___;
--------------
select ename
from emp
where sal like ___
--------------

ERROR 1054 (42S22): Unknown column '___' in 'where clause'
mysql> select ename
    -> from emp
    -> where sal like '___';
--------------
select ename
from emp
where sal like '___'
--------------

Empty set (0.00 sec)

mysql> select ename
    -> from emp
    -> where sal like '______';
--------------
select ename
from emp
where sal like '______'
--------------

+-------+
| ename |
+-------+
| SMITH |
| JAMES |
+-------+
2 rows in set (0.00 sec)

mysql> select*
    -> from emp
    -> where dept=20 or 30;
--------------
select*
from emp
where dept=20 or 30
--------------

ERROR 1054 (42S22): Unknown column 'dept' in 'where clause'
mysql> select*
    -> from emp
    -> where deptno=20 or deptno 30;
--------------
select*
from emp
where deptno=20 or deptno 30
--------------

ERROR 1064 (42000): You have an error in your SQL syntax; check the manual that corresponds to your MySQL server version for the right syntax to use near '30' at line 3
mysql> select*
    -> from emp
    -> where deptno=20 or deptno=30;
--------------
select*
from emp
where deptno=20 or deptno=30
--------------

+-------+--------+----------+------+------------+---------+---------+--------+
| empno | ename  | job      | mgr  | hiredate   | sal     | comm    | deptno |
+-------+--------+----------+------+------------+---------+---------+--------+
|  7369 | SMITH  | CLERK    | 7902 | 1980-12-17 |  800.00 |    NULL |     20 |
|  7499 | ALLEN  | SALESMAN | 7698 | 1981-02-20 | 1600.00 |  300.00 |     30 |
|  7521 | WARD   | SALESMAN | 7698 | 1981-02-22 | 1250.00 |  500.00 |     30 |
|  7566 | JONES  | MANAGER  | 7839 | 1981-04-02 | 2975.00 |    NULL |     20 |
|  7654 | MARTIN | SALESMAN | 7698 | 1981-09-28 | 1250.00 | 1400.00 |     30 |
|  7698 | BLAKE  | MANAGER  | 7839 | 1981-05-01 | 2850.00 |    NULL |     30 |
|  7788 | SCOTT  | ANALYST  | 7566 | 1982-12-09 | 3000.00 |    NULL |     20 |
|  7844 | TURNER | SALESMAN | 7698 | 1981-09-08 | 1500.00 |    0.00 |     30 |
|  7876 | ADAMS  | CLERK    | 7788 | 1983-01-12 | 1100.00 |    NULL |     20 |
|  7900 | JAMES  | CLERK    | 7698 | 1981-12-03 |  950.00 |    NULL |     30 |
|  7902 | FORD   | ANALYST  | 7566 | 1981-12-03 | 3000.00 |    NULL |     20 |
+-------+--------+----------+------+------------+---------+---------+--------+
11 rows in set (0.00 sec)

mysql> select*
    -> from emp
    -> where deptno=10 or deptno=20 or deptno=30 or deptno=40;
--------------
select*
from emp
where deptno=10 or deptno=20 or deptno=30 or deptno=40
--------------

+-------+--------+-----------+------+------------+---------+---------+--------+
| empno | ename  | job       | mgr  | hiredate   | sal     | comm    | deptno |
+-------+--------+-----------+------+------------+---------+---------+--------+
|  7369 | SMITH  | CLERK     | 7902 | 1980-12-17 |  800.00 |    NULL |     20 |
|  7499 | ALLEN  | SALESMAN  | 7698 | 1981-02-20 | 1600.00 |  300.00 |     30 |
|  7521 | WARD   | SALESMAN  | 7698 | 1981-02-22 | 1250.00 |  500.00 |     30 |
|  7566 | JONES  | MANAGER   | 7839 | 1981-04-02 | 2975.00 |    NULL |     20 |
|  7654 | MARTIN | SALESMAN  | 7698 | 1981-09-28 | 1250.00 | 1400.00 |     30 |
|  7698 | BLAKE  | MANAGER   | 7839 | 1981-05-01 | 2850.00 |    NULL |     30 |
|  7782 | CLARK  | MANAGER   | 7839 | 1981-06-09 | 2450.00 |    NULL |     10 |
|  7788 | SCOTT  | ANALYST   | 7566 | 1982-12-09 | 3000.00 |    NULL |     20 |
|  7839 | KING   | PRESIDENT | NULL | 1981-11-17 | 5000.00 |    NULL |     10 |
|  7844 | TURNER | SALESMAN  | 7698 | 1981-09-08 | 1500.00 |    0.00 |     30 |
|  7876 | ADAMS  | CLERK     | 7788 | 1983-01-12 | 1100.00 |    NULL |     20 |
|  7900 | JAMES  | CLERK     | 7698 | 1981-12-03 |  950.00 |    NULL |     30 |
|  7902 | FORD   | ANALYST   | 7566 | 1981-12-03 | 3000.00 |    NULL |     20 |
|  7934 | MILLER | CLERK     | 7782 | 1982-01-23 | 1300.00 |    NULL |     10 |
+-------+--------+-----------+------+------------+---------+---------+--------+
14 rows in set (0.00 sec)

mysql> select*
    -> from emp
    -> where deptno in(10,20,30,40);
--------------
select*
from emp
where deptno in(10,20,30,40)
--------------

+-------+--------+-----------+------+------------+---------+---------+--------+
| empno | ename  | job       | mgr  | hiredate   | sal     | comm    | deptno |
+-------+--------+-----------+------+------------+---------+---------+--------+
|  7369 | SMITH  | CLERK     | 7902 | 1980-12-17 |  800.00 |    NULL |     20 |
|  7499 | ALLEN  | SALESMAN  | 7698 | 1981-02-20 | 1600.00 |  300.00 |     30 |
|  7521 | WARD   | SALESMAN  | 7698 | 1981-02-22 | 1250.00 |  500.00 |     30 |
|  7566 | JONES  | MANAGER   | 7839 | 1981-04-02 | 2975.00 |    NULL |     20 |
|  7654 | MARTIN | SALESMAN  | 7698 | 1981-09-28 | 1250.00 | 1400.00 |     30 |
|  7698 | BLAKE  | MANAGER   | 7839 | 1981-05-01 | 2850.00 |    NULL |     30 |
|  7782 | CLARK  | MANAGER   | 7839 | 1981-06-09 | 2450.00 |    NULL |     10 |
|  7788 | SCOTT  | ANALYST   | 7566 | 1982-12-09 | 3000.00 |    NULL |     20 |
|  7839 | KING   | PRESIDENT | NULL | 1981-11-17 | 5000.00 |    NULL |     10 |
|  7844 | TURNER | SALESMAN  | 7698 | 1981-09-08 | 1500.00 |    0.00 |     30 |
|  7876 | ADAMS  | CLERK     | 7788 | 1983-01-12 | 1100.00 |    NULL |     20 |
|  7900 | JAMES  | CLERK     | 7698 | 1981-12-03 |  950.00 |    NULL |     30 |
|  7902 | FORD   | ANALYST   | 7566 | 1981-12-03 | 3000.00 |    NULL |     20 |
|  7934 | MILLER | CLERK     | 7782 | 1982-01-23 | 1300.00 |    NULL |     10 |
+-------+--------+-----------+------+------------+---------+---------+--------+
14 rows in set (0.04 sec)

mysql> select*
    -> from emp
    -> where deptno notin(10,20,30,40);
--------------
select*
from emp
where deptno notin(10,20,30,40)
--------------

ERROR 1064 (42000): You have an error in your SQL syntax; check the manual that corresponds to your MySQL server version for the right syntax to use near 'notin(10,20,30,40)' at line 3
mysql> select*
    -> from emp
    -> where deptno not in(10,20,30,40);
--------------
select*
from emp
where deptno not in(10,20,30,40)
--------------

Empty set (0.00 sec)

mysql> select*
    -> from emp
    -> where deptno not in(10,30);
--------------
select*
from emp
where deptno not in(10,30)
--------------

+-------+-------+---------+------+------------+---------+------+--------+
| empno | ename | job     | mgr  | hiredate   | sal     | comm | deptno |
+-------+-------+---------+------+------------+---------+------+--------+
|  7369 | SMITH | CLERK   | 7902 | 1980-12-17 |  800.00 | NULL |     20 |
|  7566 | JONES | MANAGER | 7839 | 1981-04-02 | 2975.00 | NULL |     20 |
|  7788 | SCOTT | ANALYST | 7566 | 1982-12-09 | 3000.00 | NULL |     20 |
|  7876 | ADAMS | CLERK   | 7788 | 1983-01-12 | 1100.00 | NULL |     20 |
|  7902 | FORD  | ANALYST | 7566 | 1981-12-03 | 3000.00 | NULL |     20 |
+-------+-------+---------+------+------------+---------+------+--------+
5 rows in set (0.00 sec)

mysql> select*
    -> from emp
    -> ;
--------------
select*
from emp
--------------

+-------+--------+-----------+------+------------+---------+---------+--------+
| empno | ename  | job       | mgr  | hiredate   | sal     | comm    | deptno |
+-------+--------+-----------+------+------------+---------+---------+--------+
|  7369 | SMITH  | CLERK     | 7902 | 1980-12-17 |  800.00 |    NULL |     20 |
|  7499 | ALLEN  | SALESMAN  | 7698 | 1981-02-20 | 1600.00 |  300.00 |     30 |
|  7521 | WARD   | SALESMAN  | 7698 | 1981-02-22 | 1250.00 |  500.00 |     30 |
|  7566 | JONES  | MANAGER   | 7839 | 1981-04-02 | 2975.00 |    NULL |     20 |
|  7654 | MARTIN | SALESMAN  | 7698 | 1981-09-28 | 1250.00 | 1400.00 |     30 |
|  7698 | BLAKE  | MANAGER   | 7839 | 1981-05-01 | 2850.00 |    NULL |     30 |
|  7782 | CLARK  | MANAGER   | 7839 | 1981-06-09 | 2450.00 |    NULL |     10 |
|  7788 | SCOTT  | ANALYST   | 7566 | 1982-12-09 | 3000.00 |    NULL |     20 |
|  7839 | KING   | PRESIDENT | NULL | 1981-11-17 | 5000.00 |    NULL |     10 |
|  7844 | TURNER | SALESMAN  | 7698 | 1981-09-08 | 1500.00 |    0.00 |     30 |
|  7876 | ADAMS  | CLERK     | 7788 | 1983-01-12 | 1100.00 |    NULL |     20 |
|  7900 | JAMES  | CLERK     | 7698 | 1981-12-03 |  950.00 |    NULL |     30 |
|  7902 | FORD   | ANALYST   | 7566 | 1981-12-03 | 3000.00 |    NULL |     20 |
|  7934 | MILLER | CLERK     | 7782 | 1982-01-23 | 1300.00 |    NULL |     10 |
+-------+--------+-----------+------+------------+---------+---------+--------+
14 rows in set (0.00 sec)

mysql> select* sal*12 as ANNUAL_SALARY
    -> from emp
    -> where job not in('ANALYST','MANAGER');
--------------
select* sal*12 as ANNUAL_SALARY
from emp
where job not in('ANALYST','MANAGER')
--------------

ERROR 1064 (42000): You have an error in your SQL syntax; check the manual that corresponds to your MySQL server version for the right syntax to use near 'sal*12 as ANNUAL_SALARY
from emp
where job not in('ANALYST','MANAGER')' at line 1
mysql> select* sal*12 as ANNUAL_SALARY
    -> from emp
    -> where job not in(ANALYST,MANAGER);
--------------
select* sal*12 as ANNUAL_SALARY
from emp
where job not in(ANALYST,MANAGER)
--------------

ERROR 1064 (42000): You have an error in your SQL syntax; check the manual that corresponds to your MySQL server version for the right syntax to use near 'sal*12 as ANNUAL_SALARY
from emp
where job not in(ANALYST,MANAGER)' at line 1
mysql> select empno,ename,job,mgr,hiredate,sal,comm,deptno, sal*12 as ANNUAL_SALARY
    -> from emp
    -> where job not in('ANALYST','MANAGER');
--------------
select empno,ename,job,mgr,hiredate,sal,comm,deptno, sal*12 as ANNUAL_SALARY
from emp
where job not in('ANALYST','MANAGER')
--------------

+-------+--------+-----------+------+------------+---------+---------+--------+---------------+
| empno | ename  | job       | mgr  | hiredate   | sal     | comm    | deptno | ANNUAL_SALARY |
+-------+--------+-----------+------+------------+---------+---------+--------+---------------+
|  7369 | SMITH  | CLERK     | 7902 | 1980-12-17 |  800.00 |    NULL |     20 |       9600.00 |
|  7499 | ALLEN  | SALESMAN  | 7698 | 1981-02-20 | 1600.00 |  300.00 |     30 |      19200.00 |
|  7521 | WARD   | SALESMAN  | 7698 | 1981-02-22 | 1250.00 |  500.00 |     30 |      15000.00 |
|  7654 | MARTIN | SALESMAN  | 7698 | 1981-09-28 | 1250.00 | 1400.00 |     30 |      15000.00 |
|  7839 | KING   | PRESIDENT | NULL | 1981-11-17 | 5000.00 |    NULL |     10 |      60000.00 |
|  7844 | TURNER | SALESMAN  | 7698 | 1981-09-08 | 1500.00 |    0.00 |     30 |      18000.00 |
|  7876 | ADAMS  | CLERK     | 7788 | 1983-01-12 | 1100.00 |    NULL |     20 |      13200.00 |
|  7900 | JAMES  | CLERK     | 7698 | 1981-12-03 |  950.00 |    NULL |     30 |      11400.00 |
|  7934 | MILLER | CLERK     | 7782 | 1982-01-23 | 1300.00 |    NULL |     10 |      15600.00 |
+-------+--------+-----------+------+------------+---------+---------+--------+---------------+
9 rows in set (0.00 sec)

mysql> select * sal*12 as ANNUAL_SALARY
    -> from emp
    -> where job not in('ANALYST','MANAGER');
--------------
select * sal*12 as ANNUAL_SALARY
from emp
where job not in('ANALYST','MANAGER')
--------------

ERROR 1064 (42000): You have an error in your SQL syntax; check the manual that corresponds to your MySQL server version for the right syntax to use near 'sal*12 as ANNUAL_SALARY
from emp
where job not in('ANALYST','MANAGER')' at line 1
mysql> select *, sal*12 as ANNUAL_SALARY
    -> from emp
    -> where job not in('ANALYST','MANAGER');
--------------
select *, sal*12 as ANNUAL_SALARY
from emp
where job not in('ANALYST','MANAGER')
--------------

+-------+--------+-----------+------+------------+---------+---------+--------+---------------+
| empno | ename  | job       | mgr  | hiredate   | sal     | comm    | deptno | ANNUAL_SALARY |
+-------+--------+-----------+------+------------+---------+---------+--------+---------------+
|  7369 | SMITH  | CLERK     | 7902 | 1980-12-17 |  800.00 |    NULL |     20 |       9600.00 |
|  7499 | ALLEN  | SALESMAN  | 7698 | 1981-02-20 | 1600.00 |  300.00 |     30 |      19200.00 |
|  7521 | WARD   | SALESMAN  | 7698 | 1981-02-22 | 1250.00 |  500.00 |     30 |      15000.00 |
|  7654 | MARTIN | SALESMAN  | 7698 | 1981-09-28 | 1250.00 | 1400.00 |     30 |      15000.00 |
|  7839 | KING   | PRESIDENT | NULL | 1981-11-17 | 5000.00 |    NULL |     10 |      60000.00 |
|  7844 | TURNER | SALESMAN  | 7698 | 1981-09-08 | 1500.00 |    0.00 |     30 |      18000.00 |
|  7876 | ADAMS  | CLERK     | 7788 | 1983-01-12 | 1100.00 |    NULL |     20 |      13200.00 |
|  7900 | JAMES  | CLERK     | 7698 | 1981-12-03 |  950.00 |    NULL |     30 |      11400.00 |
|  7934 | MILLER | CLERK     | 7782 | 1982-01-23 | 1300.00 |    NULL |     10 |      15600.00 |
+-------+--------+-----------+------+------------+---------+---------+--------+---------------+
9 rows in set (0.00 sec)

mysql> select ename
    -> from emp
    -> where hiredate>1981-01-01 and hiredate<1987-12-31;
--------------
select ename
from emp
where hiredate>1981-01-01 and hiredate<1987-12-31
--------------

Empty set, 2 warnings (0.03 sec)

mysql> select ename
    -> from emp
    -> where hiredate > 1981-01-01 and hiredate < 1987-12-31;
--------------
select ename
from emp
where hiredate > 1981-01-01 and hiredate < 1987-12-31
--------------

Empty set, 2 warnings (0.00 sec)

mysql> select ename
    -> from emp
    -> where hiredate>1981-01-01 and hiredate<1987-12-31;
--------------
select ename
from emp
where hiredate>1981-01-01 and hiredate<1987-12-31
--------------

Empty set, 2 warnings (0.00 sec)

mysql> select ename,hiredate
    -> from emp
    -> where hiredate>1981-01-01 and hiredate<1987-12-31;
--------------
select ename,hiredate
from emp
where hiredate>1981-01-01 and hiredate<1987-12-31
--------------

Empty set, 2 warnings (0.00 sec)

mysql> select ename,hiredate
    -> from emp
    -> where hiredate>'1981-01-01' and hiredate<'1987-12-31';
--------------
select ename,hiredate
from emp
where hiredate>'1981-01-01' and hiredate<'1987-12-31'
--------------

+--------+------------+
| ename  | hiredate   |
+--------+------------+
| ALLEN  | 1981-02-20 |
| WARD   | 1981-02-22 |
| JONES  | 1981-04-02 |
| MARTIN | 1981-09-28 |
| BLAKE  | 1981-05-01 |
| CLARK  | 1981-06-09 |
| SCOTT  | 1982-12-09 |
| KING   | 1981-11-17 |
| TURNER | 1981-09-08 |
| ADAMS  | 1983-01-12 |
| JAMES  | 1981-12-03 |
| FORD   | 1981-12-03 |
| MILLER | 1982-01-23 |
+--------+------------+
13 rows in set (0.00 sec)

mysql> \
select avg(sal),deptno
    -> from emp
    -> group by deptno
    -> having avg(sal)>2000;
+-------------+--------+
| avg(sal)    | deptno |
+-------------+--------+
| 2175.000000 |     20 |
| 2916.666667 |     10 |
+-------------+--------+
mysql> select sum(comm),job
    -> from emp
    -> group by job
    -> having sum(comm)>1000;
--------------
mysql> select count(*),job
    -> from emp
    -> where job='MANAGER'
    -> hsving bcopunt(*)>2;
